ef,c8
c8,ef
8a,15,de,c5
c5,de,15,8a
23,21
40,10
5,4
22
13
72057594037927936
