Compare value strncmp is -108
Compare value strncasecmp is -76
Compare value memcmp is -108
